###############################################################################
#
# IAR ELF Linker V9.30.1.335/W64 for ARM                  24/Jul/2025  14:15:36
# Copyright 2007-2022 IAR Systems AB.
#
#    Output file  =
#        D:\FW\Nucleo-L476RG\low_power_things\Debug\Exe\led_blink.out
#    Map file     =
#        D:\FW\Nucleo-L476RG\low_power_things\Debug\List\led_blink.map
#    Command line =
#        -f D:\FW\Nucleo-L476RG\low_power_things\Debug\Exe\led_blink.out.rsp
#        (D:\FW\Nucleo-L476RG\low_power_things\Debug\Obj\source\main.o
#        D:\FW\Nucleo-L476RG\low_power_things\Debug\Obj\source\device\startup_stm32l476xx.o
#        D:\FW\Nucleo-L476RG\low_power_things\Debug\Obj\source\device\system_stm32l4xx.o
#        --no_out_extension -o
#        D:\FW\Nucleo-L476RG\low_power_things\Debug\Exe\led_blink.out --map
#        D:\FW\Nucleo-L476RG\low_power_things\Debug\List\led_blink.map --config
#        "C:\Program Files\IAR Systems\Embedded Workbench
#        9.1\arm/config/linker/ST/stm32l476xG.icf" --semihosting --entry
#        __iar_program_start --vfe --text_out locale --cpu=Cortex-M4
#        --fpu=VFPv4_sp)
#
###############################################################################

*******************************************************************************
*** RUNTIME MODEL ATTRIBUTES
***

CppFlavor       = *
__CPP_Runtime   = 1
__SystemLibrary = DLib
__dlib_version  = 6


*******************************************************************************
*** HEAP SELECTION
***

The basic heap was selected because --advanced_heap
was not specified and the application did not appear to
be primarily optimized for speed.


*******************************************************************************
*** PLACEMENT SUMMARY
***

"A0":  place at address 0x800'0000 { ro section .intvec };
"P1":  place in [from 0x0 to 0x0] |
                [from 0x800'0000 to 0x80f'ffff] { ro };
define block CSTACK with size = 8K, alignment = 8 { };
define block PROC_STACK with size = 0, alignment = 8 { };
define block HEAP with size = 8K, alignment = 8 { };
"P3":  place in [from 0x2000'0000 to 0x2001'7fff] {
          rw, block CSTACK, block PROC_STACK, block HEAP };

No sections matched the following patterns:

  ro section application_specific_ro  in "P2|P5"
  rw section application_specific_rw  in "P2|P5"
  section .textrw                     in "P4"


  Section          Kind         Address    Size  Object
  -------          ----         -------    ----  ------
"A0":                                     0x188
  .intvec          ro code   0x800'0000   0x188  startup_stm32l476xx.o [2]
                           - 0x800'0188   0x188

"P1":                                     0x434
  .text            ro code   0x800'0188   0x1bc  main.o [1]
  .text            ro code   0x800'0344    0x38  zero_init3.o [5]
  .text            ro code   0x800'037c    0x28  data_init.o [5]
  .text            ro code   0x800'03a4    0x22  fpinit_M.o [4]
  .iar.init_table  const     0x800'03c8    0x10  - Linker created -
  .text            ro code   0x800'03d8    0x1e  cmain.o [5]
  .text            ro code   0x800'03f6     0x4  low_level_init.o [3]
  .text            ro code   0x800'03fa     0x4  exit.o [3]
  .text            ro code   0x800'0400     0xa  cexit.o [5]
  .text            ro code   0x800'040c    0x14  exit.o [6]
  .text            ro code   0x800'0420    0x1c  cstartup_M.o [5]
  .text            ro code   0x800'043c    0x10  startup_stm32l476xx.o [2]
  .text            ro code   0x800'044c    0x10  system_stm32l4xx.o [2]
  .text            ro code   0x800'045c     0x4  startup_stm32l476xx.o [2]
  .text            ro code   0x800'0460     0x4  startup_stm32l476xx.o [2]
  .text            ro code   0x800'0464     0x4  startup_stm32l476xx.o [2]
  .text            ro code   0x800'0468     0x4  startup_stm32l476xx.o [2]
  .text            ro code   0x800'046c     0x4  startup_stm32l476xx.o [2]
  .text            ro code   0x800'0470     0x4  startup_stm32l476xx.o [2]
  .text            ro code   0x800'0474     0x4  startup_stm32l476xx.o [2]
  .text            ro code   0x800'0478     0x4  startup_stm32l476xx.o [2]
  .text            ro code   0x800'047c     0x4  startup_stm32l476xx.o [2]
  .text            ro code   0x800'0480     0x4  startup_stm32l476xx.o [2]
  .text            ro code   0x800'0484     0x4  startup_stm32l476xx.o [2]
  .text            ro code   0x800'0488     0x4  startup_stm32l476xx.o [2]
  .text            ro code   0x800'048c     0x4  startup_stm32l476xx.o [2]
  .text            ro code   0x800'0490     0x4  startup_stm32l476xx.o [2]
  .text            ro code   0x800'0494     0x4  startup_stm32l476xx.o [2]
  .text            ro code   0x800'0498     0x4  startup_stm32l476xx.o [2]
  .text            ro code   0x800'049c     0x4  startup_stm32l476xx.o [2]
  .text            ro code   0x800'04a0     0x4  startup_stm32l476xx.o [2]
  .text            ro code   0x800'04a4     0x4  startup_stm32l476xx.o [2]
  .text            ro code   0x800'04a8     0x4  startup_stm32l476xx.o [2]
  .text            ro code   0x800'04ac     0x4  startup_stm32l476xx.o [2]
  .text            ro code   0x800'04b0     0x4  startup_stm32l476xx.o [2]
  .text            ro code   0x800'04b4     0x4  startup_stm32l476xx.o [2]
  .text            ro code   0x800'04b8     0x4  startup_stm32l476xx.o [2]
  .text            ro code   0x800'04bc     0x4  startup_stm32l476xx.o [2]
  .text            ro code   0x800'04c0     0x4  startup_stm32l476xx.o [2]
  .text            ro code   0x800'04c4     0x4  startup_stm32l476xx.o [2]
  .text            ro code   0x800'04c8     0x4  startup_stm32l476xx.o [2]
  .text            ro code   0x800'04cc     0x4  startup_stm32l476xx.o [2]
  .text            ro code   0x800'04d0     0x4  startup_stm32l476xx.o [2]
  .text            ro code   0x800'04d4     0x4  startup_stm32l476xx.o [2]
  .text            ro code   0x800'04d8     0x4  startup_stm32l476xx.o [2]
  .text            ro code   0x800'04dc     0x4  startup_stm32l476xx.o [2]
  .text            ro code   0x800'04e0     0x4  startup_stm32l476xx.o [2]
  .text            ro code   0x800'04e4     0x4  startup_stm32l476xx.o [2]
  .text            ro code   0x800'04e8     0x4  startup_stm32l476xx.o [2]
  .text            ro code   0x800'04ec     0x4  startup_stm32l476xx.o [2]
  .text            ro code   0x800'04f0     0x4  startup_stm32l476xx.o [2]
  .text            ro code   0x800'04f4     0x4  startup_stm32l476xx.o [2]
  .text            ro code   0x800'04f8     0x4  startup_stm32l476xx.o [2]
  .text            ro code   0x800'04fc     0x4  startup_stm32l476xx.o [2]
  .text            ro code   0x800'0500     0x4  startup_stm32l476xx.o [2]
  .text            ro code   0x800'0504     0x4  startup_stm32l476xx.o [2]
  .text            ro code   0x800'0508     0x4  startup_stm32l476xx.o [2]
  .text            ro code   0x800'050c     0x4  startup_stm32l476xx.o [2]
  .text            ro code   0x800'0510     0x4  startup_stm32l476xx.o [2]
  .text            ro code   0x800'0514     0x4  startup_stm32l476xx.o [2]
  .text            ro code   0x800'0518     0x4  startup_stm32l476xx.o [2]
  .text            ro code   0x800'051c     0x4  startup_stm32l476xx.o [2]
  .text            ro code   0x800'0520     0x4  startup_stm32l476xx.o [2]
  .text            ro code   0x800'0524     0x4  startup_stm32l476xx.o [2]
  .text            ro code   0x800'0528     0x4  startup_stm32l476xx.o [2]
  .text            ro code   0x800'052c     0x4  startup_stm32l476xx.o [2]
  .text            ro code   0x800'0530     0x4  startup_stm32l476xx.o [2]
  .text            ro code   0x800'0534     0x4  startup_stm32l476xx.o [2]
  .text            ro code   0x800'0538     0x4  startup_stm32l476xx.o [2]
  .text            ro code   0x800'053c     0x4  startup_stm32l476xx.o [2]
  .text            ro code   0x800'0540     0x4  startup_stm32l476xx.o [2]
  .text            ro code   0x800'0544     0x4  startup_stm32l476xx.o [2]
  .text            ro code   0x800'0548     0x4  startup_stm32l476xx.o [2]
  .text            ro code   0x800'054c     0x4  startup_stm32l476xx.o [2]
  .text            ro code   0x800'0550     0x4  startup_stm32l476xx.o [2]
  .text            ro code   0x800'0554     0x4  startup_stm32l476xx.o [2]
  .text            ro code   0x800'0558     0x4  startup_stm32l476xx.o [2]
  .text            ro code   0x800'055c     0x4  startup_stm32l476xx.o [2]
  .text            ro code   0x800'0560     0x4  startup_stm32l476xx.o [2]
  .text            ro code   0x800'0564     0x4  startup_stm32l476xx.o [2]
  .text            ro code   0x800'0568     0x4  startup_stm32l476xx.o [2]
  .text            ro code   0x800'056c     0x4  startup_stm32l476xx.o [2]
  .text            ro code   0x800'0570     0x4  startup_stm32l476xx.o [2]
  .text            ro code   0x800'0574     0x4  startup_stm32l476xx.o [2]
  .text            ro code   0x800'0578     0x4  startup_stm32l476xx.o [2]
  .text            ro code   0x800'057c     0x4  startup_stm32l476xx.o [2]
  .text            ro code   0x800'0580     0x4  startup_stm32l476xx.o [2]
  .text            ro code   0x800'0584     0x4  startup_stm32l476xx.o [2]
  .text            ro code   0x800'0588     0x4  startup_stm32l476xx.o [2]
  .text            ro code   0x800'058c     0x4  startup_stm32l476xx.o [2]
  .text            ro code   0x800'0590     0x4  startup_stm32l476xx.o [2]
  .text            ro code   0x800'0594     0x4  startup_stm32l476xx.o [2]
  .text            ro code   0x800'0598     0x4  startup_stm32l476xx.o [2]
  .text            ro code   0x800'059c     0x4  startup_stm32l476xx.o [2]
  .text            ro code   0x800'05a0     0x4  startup_stm32l476xx.o [2]
  .text            ro code   0x800'05a4     0x4  startup_stm32l476xx.o [2]
  .text            ro code   0x800'05a8     0x4  startup_stm32l476xx.o [2]
  .text            ro code   0x800'05ac     0x4  startup_stm32l476xx.o [2]
  .text            ro code   0x800'05b0     0x4  startup_stm32l476xx.o [2]
  .text            ro code   0x800'05b4     0x4  startup_stm32l476xx.o [2]
  .text            ro code   0x800'05b8     0x4  startup_stm32l476xx.o [2]
  .rodata          const     0x800'05bc     0x0  zero_init3.o [5]
                           - 0x800'05bc   0x434

"P3", part 1 of 2:                          0x4
  .bss             zero     0x2000'0000     0x1  main.o [1]
                          - 0x2000'0001     0x1

"P3", part 2 of 2:                       0x2000
  CSTACK                    0x2000'0008  0x2000  <Block>
    CSTACK         uninit   0x2000'0008  0x2000  <Block tail>
                          - 0x2000'2008  0x2000

Unused ranges:

         From           To      Size
         ----           --      ----
          0x0          0x0       0x1
   0x800'05bc   0x80f'ffff  0xf'fa44
  0x2000'0004  0x2000'0007       0x4
  0x2000'2008  0x2001'7fff  0x1'5ff8


*******************************************************************************
*** INIT TABLE
***

          Address      Size
          -------      ----
Zero (__iar_zero_init3)
    1 destination range, total size 0x1:
          0x2000'0000   0x1



*******************************************************************************
*** MODULE SUMMARY
***

    Module                 ro code  ro data  rw data
    ------                 -------  -------  -------
command line/config:
    ------------------------------------------------
    Total:

D:\FW\Nucleo-L476RG\low_power_things\Debug\Obj\source: [1]
    main.o                     444                 1
    ------------------------------------------------
    Total:                     444                 1

D:\FW\Nucleo-L476RG\low_power_things\Debug\Obj\source\device: [2]
    startup_stm32l476xx.o      760
    system_stm32l4xx.o          16
    ------------------------------------------------
    Total:                     776

dl7M_tln.a: [3]
    exit.o                       4
    low_level_init.o             4
    ------------------------------------------------
    Total:                       8

m7M_tls.a: [4]
    fpinit_M.o                  34
    ------------------------------------------------
    Total:                      34

rt7M_tl.a: [5]
    cexit.o                     10
    cmain.o                     30
    cstartup_M.o                28
    data_init.o                 40
    zero_init3.o                56
    ------------------------------------------------
    Total:                     164

shb_l.a: [6]
    exit.o                      20
    ------------------------------------------------
    Total:                      20

    Gaps                         4        2
    Linker created                       16    8'192
----------------------------------------------------
    Grand Total:             1'450       18    8'193


*******************************************************************************
*** ENTRY LIST
***

Entry                       Address  Size  Type      Object
-----                       -------  ----  ----      ------
.iar.init_table$$Base    0x800'03c8         --   Gb  - Linker created -
.iar.init_table$$Limit   0x800'03d8         --   Gb  - Linker created -
?main                    0x800'03d9        Code  Gb  cmain.o [5]
ADC1_2_IRQHandler        0x800'04c9        Code  Wk  startup_stm32l476xx.o [2]
ADC3_IRQHandler          0x800'0539        Code  Wk  startup_stm32l476xx.o [2]
BusFault_Handler         0x800'0469        Code  Wk  startup_stm32l476xx.o [2]
CAN1_RX0_IRQHandler      0x800'04d1        Code  Wk  startup_stm32l476xx.o [2]
CAN1_RX1_IRQHandler      0x800'04d5        Code  Wk  startup_stm32l476xx.o [2]
CAN1_SCE_IRQHandler      0x800'04d9        Code  Wk  startup_stm32l476xx.o [2]
CAN1_TX_IRQHandler       0x800'04cd        Code  Wk  startup_stm32l476xx.o [2]
COMP_IRQHandler          0x800'057d        Code  Wk  startup_stm32l476xx.o [2]
CSTACK$$Base            0x2000'0008         --   Gb  - Linker created -
CSTACK$$Limit           0x2000'2008         --   Gb  - Linker created -
DFSDM1_FLT0_IRQHandler   0x800'0571        Code  Wk  startup_stm32l476xx.o [2]
DFSDM1_FLT1_IRQHandler   0x800'0575        Code  Wk  startup_stm32l476xx.o [2]
DFSDM1_FLT2_IRQHandler   0x800'0579        Code  Wk  startup_stm32l476xx.o [2]
DFSDM1_FLT3_IRQHandler   0x800'0525        Code  Wk  startup_stm32l476xx.o [2]
DMA1_Channel1_IRQHandler
                         0x800'04ad        Code  Wk  startup_stm32l476xx.o [2]
DMA1_Channel2_IRQHandler
                         0x800'04b1        Code  Wk  startup_stm32l476xx.o [2]
DMA1_Channel3_IRQHandler
                         0x800'04b5        Code  Wk  startup_stm32l476xx.o [2]
DMA1_Channel4_IRQHandler
                         0x800'04b9        Code  Wk  startup_stm32l476xx.o [2]
DMA1_Channel5_IRQHandler
                         0x800'04bd        Code  Wk  startup_stm32l476xx.o [2]
DMA1_Channel6_IRQHandler
                         0x800'04c1        Code  Wk  startup_stm32l476xx.o [2]
DMA1_Channel7_IRQHandler
                         0x800'04c5        Code  Wk  startup_stm32l476xx.o [2]
DMA2_Channel1_IRQHandler
                         0x800'055d        Code  Wk  startup_stm32l476xx.o [2]
DMA2_Channel2_IRQHandler
                         0x800'0561        Code  Wk  startup_stm32l476xx.o [2]
DMA2_Channel3_IRQHandler
                         0x800'0565        Code  Wk  startup_stm32l476xx.o [2]
DMA2_Channel4_IRQHandler
                         0x800'0569        Code  Wk  startup_stm32l476xx.o [2]
DMA2_Channel5_IRQHandler
                         0x800'056d        Code  Wk  startup_stm32l476xx.o [2]
DMA2_Channel6_IRQHandler
                         0x800'0589        Code  Wk  startup_stm32l476xx.o [2]
DMA2_Channel7_IRQHandler
                         0x800'058d        Code  Wk  startup_stm32l476xx.o [2]
DebugMon_Handler         0x800'0475        Code  Wk  startup_stm32l476xx.o [2]
EXTI0_IRQHandler         0x800'0499        Code  Wk  startup_stm32l476xx.o [2]
EXTI15_10_IRQHandler     0x800'01a5  0x18  Code  Gb  main.o [1]
EXTI1_IRQHandler         0x800'049d        Code  Wk  startup_stm32l476xx.o [2]
EXTI2_IRQHandler         0x800'04a1        Code  Wk  startup_stm32l476xx.o [2]
EXTI3_IRQHandler         0x800'04a5        Code  Wk  startup_stm32l476xx.o [2]
EXTI4_IRQHandler         0x800'04a9        Code  Wk  startup_stm32l476xx.o [2]
EXTI9_5_IRQHandler       0x800'04dd        Code  Wk  startup_stm32l476xx.o [2]
FLASH_IRQHandler         0x800'0491        Code  Wk  startup_stm32l476xx.o [2]
FMC_IRQHandler           0x800'053d        Code  Wk  startup_stm32l476xx.o [2]
FPU_IRQHandler           0x800'05b9        Code  Wk  startup_stm32l476xx.o [2]
HardFault_Handler        0x800'0461        Code  Wk  startup_stm32l476xx.o [2]
I2C1_ER_IRQHandler       0x800'0501        Code  Wk  startup_stm32l476xx.o [2]
I2C1_EV_IRQHandler       0x800'04fd        Code  Wk  startup_stm32l476xx.o [2]
I2C2_ER_IRQHandler       0x800'0509        Code  Wk  startup_stm32l476xx.o [2]
I2C2_EV_IRQHandler       0x800'0505        Code  Wk  startup_stm32l476xx.o [2]
I2C3_ER_IRQHandler       0x800'059d        Code  Wk  startup_stm32l476xx.o [2]
I2C3_EV_IRQHandler       0x800'0599        Code  Wk  startup_stm32l476xx.o [2]
LCD_IRQHandler           0x800'05b1        Code  Wk  startup_stm32l476xx.o [2]
LPTIM1_IRQHandler        0x800'029d  0x2a  Code  Gb  main.o [1]
LPTIM2_IRQHandler        0x800'0581        Code  Wk  startup_stm32l476xx.o [2]
LPUART1_IRQHandler       0x800'0591        Code  Wk  startup_stm32l476xx.o [2]
MemManage_Handler        0x800'0465        Code  Wk  startup_stm32l476xx.o [2]
NMI_Handler              0x800'045d        Code  Wk  startup_stm32l476xx.o [2]
OTG_FS_IRQHandler        0x800'0585        Code  Wk  startup_stm32l476xx.o [2]
PVD_PVM_IRQHandler       0x800'0485        Code  Wk  startup_stm32l476xx.o [2]
PendSV_Handler           0x800'0479        Code  Wk  startup_stm32l476xx.o [2]
QUADSPI_IRQHandler       0x800'0595        Code  Wk  startup_stm32l476xx.o [2]
RCC_IRQHandler           0x800'0495        Code  Wk  startup_stm32l476xx.o [2]
RNG_IRQHandler           0x800'05b5        Code  Wk  startup_stm32l476xx.o [2]
RTC_Alarm_IRQHandler     0x800'0521        Code  Wk  startup_stm32l476xx.o [2]
RTC_WKUP_IRQHandler      0x800'048d        Code  Wk  startup_stm32l476xx.o [2]
Region$$Table$$Base      0x800'03c8         --   Gb  - Linker created -
Region$$Table$$Limit     0x800'03d8         --   Gb  - Linker created -
Reset_Handler            0x800'043d        Code  Wk  startup_stm32l476xx.o [2]
SAI1_IRQHandler          0x800'05a1        Code  Wk  startup_stm32l476xx.o [2]
SAI2_IRQHandler          0x800'05a5        Code  Wk  startup_stm32l476xx.o [2]
SDMMC1_IRQHandler        0x800'0541        Code  Wk  startup_stm32l476xx.o [2]
SPI1_IRQHandler          0x800'050d        Code  Wk  startup_stm32l476xx.o [2]
SPI2_IRQHandler          0x800'0511        Code  Wk  startup_stm32l476xx.o [2]
SPI3_IRQHandler          0x800'0549        Code  Wk  startup_stm32l476xx.o [2]
SVC_Handler              0x800'0471        Code  Wk  startup_stm32l476xx.o [2]
SWPMI1_IRQHandler        0x800'05a9        Code  Wk  startup_stm32l476xx.o [2]
SysTick_Handler          0x800'047d        Code  Wk  startup_stm32l476xx.o [2]
SystemInit               0x800'044d   0xc  Code  Gb  system_stm32l4xx.o [2]
TAMP_STAMP_IRQHandler    0x800'0489        Code  Wk  startup_stm32l476xx.o [2]
TIM1_BRK_TIM15_IRQHandler
                         0x800'04e1        Code  Wk  startup_stm32l476xx.o [2]
TIM1_CC_IRQHandler       0x800'04ed        Code  Wk  startup_stm32l476xx.o [2]
TIM1_TRG_COM_TIM17_IRQHandler
                         0x800'04e9        Code  Wk  startup_stm32l476xx.o [2]
TIM1_UP_TIM16_IRQHandler
                         0x800'04e5        Code  Wk  startup_stm32l476xx.o [2]
TIM2_IRQHandler          0x800'04f1        Code  Wk  startup_stm32l476xx.o [2]
TIM3_IRQHandler          0x800'04f5        Code  Wk  startup_stm32l476xx.o [2]
TIM4_IRQHandler          0x800'04f9        Code  Wk  startup_stm32l476xx.o [2]
TIM5_IRQHandler          0x800'0545        Code  Wk  startup_stm32l476xx.o [2]
TIM6_DAC_IRQHandler      0x800'0555        Code  Wk  startup_stm32l476xx.o [2]
TIM7_IRQHandler          0x800'0559        Code  Wk  startup_stm32l476xx.o [2]
TIM8_BRK_IRQHandler      0x800'0529        Code  Wk  startup_stm32l476xx.o [2]
TIM8_CC_IRQHandler       0x800'0535        Code  Wk  startup_stm32l476xx.o [2]
TIM8_TRG_COM_IRQHandler
                         0x800'0531        Code  Wk  startup_stm32l476xx.o [2]
TIM8_UP_IRQHandler       0x800'052d        Code  Wk  startup_stm32l476xx.o [2]
TSC_IRQHandler           0x800'05ad        Code  Wk  startup_stm32l476xx.o [2]
UART4_IRQHandler         0x800'054d        Code  Wk  startup_stm32l476xx.o [2]
UART5_IRQHandler         0x800'0551        Code  Wk  startup_stm32l476xx.o [2]
USART1_IRQHandler        0x800'0515        Code  Wk  startup_stm32l476xx.o [2]
USART2_IRQHandler        0x800'0519        Code  Wk  startup_stm32l476xx.o [2]
USART3_IRQHandler        0x800'051d        Code  Wk  startup_stm32l476xx.o [2]
UsageFault_Handler       0x800'046d        Code  Wk  startup_stm32l476xx.o [2]
WWDG_IRQHandler          0x800'0481        Code  Wk  startup_stm32l476xx.o [2]
__NVIC_EnableIRQ         0x800'0189  0x1c  Code  Lc  main.o [1]
__cmain                  0x800'03d9        Code  Gb  cmain.o [5]
__exit                   0x800'040d  0x14  Code  Gb  exit.o [6]
__iar_data_init3         0x800'037d  0x28  Code  Gb  data_init.o [5]
__iar_init_vfp           0x800'03a5        Code  Gb  fpinit_M.o [4]
__iar_program_start      0x800'0421        Code  Gb  cstartup_M.o [5]
__iar_zero_init3         0x800'0345  0x38  Code  Gb  zero_init3.o [5]
__low_level_init         0x800'03f7   0x4  Code  Gb  low_level_init.o [3]
__vector_table           0x800'0000        Data  Gb  startup_stm32l476xx.o [2]
_call_main               0x800'03e5        Code  Gb  cmain.o [5]
_exit                    0x800'0401        Code  Gb  cexit.o [5]
enter_stop_mode          0x800'01dd  0x2c  Code  Lc  main.o [1]
exit                     0x800'03fb   0x4  Code  Gb  exit.o [3]
led_init                 0x800'01bd  0x20  Code  Lc  main.o [1]
main                     0x800'02db  0x1a  Code  Gb  main.o [1]
timer_IR_init            0x800'02c7  0x14  Code  Lc  main.o [1]
timer_init               0x800'0209  0x94  Code  Lc  main.o [1]
wake_flag               0x2000'0000   0x1  Data  Gb  main.o [1]


[1] = D:\FW\Nucleo-L476RG\low_power_things\Debug\Obj\source
[2] = D:\FW\Nucleo-L476RG\low_power_things\Debug\Obj\source\device
[3] = dl7M_tln.a
[4] = m7M_tls.a
[5] = rt7M_tl.a
[6] = shb_l.a

  1'450 bytes of readonly  code memory
     18 bytes of readonly  data memory
  8'193 bytes of readwrite data memory

Errors: none
Warnings: none
